Release 14.7 - xst P.20131013 (nt)
Copyright (c) 1995-2013 Xilinx, Inc.  All rights reserved.
--> Parameter TMPDIR set to xst/projnav.tmp


Total REAL time to Xst completion: 0.00 secs
Total CPU time to Xst completion: 0.10 secs
 
--> Parameter xsthdpdir set to xst


Total REAL time to Xst completion: 0.00 secs
Total CPU time to Xst completion: 0.10 secs
 
--> Reading design: mips.prj

TABLE OF CONTENTS
  1) Synthesis Options Summary
  2) HDL Parsing
  3) HDL Elaboration
  4) HDL Synthesis
       4.1) HDL Synthesis Report
  5) Advanced HDL Synthesis
       5.1) Advanced HDL Synthesis Report
  6) Low Level Synthesis
  7) Partition Report
  8) Design Summary
       8.1) Primitive and Black Box Usage
       8.2) Device utilization summary
       8.3) Partition Resource Summary
       8.4) Timing Report
            8.4.1) Clock Information
            8.4.2) Asynchronous Control Signals Information
            8.4.3) Timing Summary
            8.4.4) Timing Details
            8.4.5) Cross Clock Domains Report


=========================================================================
*                      Synthesis Options Summary                        *
=========================================================================
---- Source Parameters
Input File Name                    : "mips.prj"
Ignore Synthesis Constraint File   : NO

---- Target Parameters
Output File Name                   : "mips"
Output Format                      : NGC
Target Device                      : xc6slx150-2-fgg676

---- Source Options
Top Module Name                    : mips
Automatic FSM Extraction           : YES
FSM Encoding Algorithm             : Auto
Safe Implementation                : No
FSM Style                          : LUT
RAM Extraction                     : Yes
RAM Style                          : Auto
ROM Extraction                     : Yes
Shift Register Extraction          : YES
ROM Style                          : Auto
Resource Sharing                   : YES
Asynchronous To Synchronous        : NO
Shift Register Minimum Size        : 2
Use DSP Block                      : Auto
Automatic Register Balancing       : No

---- Target Options
LUT Combining                      : Auto
Reduce Control Sets                : Auto
Add IO Buffers                     : YES
Global Maximum Fanout              : 100000
Add Generic Clock Buffer(BUFG)     : 16
Register Duplication               : YES
Optimize Instantiated Primitives   : NO
Use Clock Enable                   : Auto
Use Synchronous Set                : Auto
Use Synchronous Reset              : Auto
Pack IO Registers into IOBs        : Auto
Equivalent register Removal        : YES

---- General Options
Optimization Goal                  : Speed
Optimization Effort                : 1
Power Reduction                    : NO
Keep Hierarchy                     : No
Netlist Hierarchy                  : As_Optimized
RTL Output                         : Yes
Global Optimization                : AllClockNets
Read Cores                         : YES
Write Timing Constraints           : NO
Cross Clock Analysis               : NO
Hierarchy Separator                : /
Bus Delimiter                      : <>
Case Specifier                     : Maintain
Slice Utilization Ratio            : 100
BRAM Utilization Ratio             : 100
DSP48 Utilization Ratio            : 100
Auto BRAM Packing                  : NO
Slice Utilization Ratio Delta      : 5

=========================================================================


=========================================================================
*                          HDL Parsing                                  *
=========================================================================
Analyzing Verilog file "F:\verilog\P4_CPU_Single\PC_change.v" into library work
Parsing module <PC_change>.
Analyzing Verilog file "F:\verilog\P4_CPU_Single\IM.v" into library work
Parsing module <IM>.
Analyzing Verilog file "F:\verilog\P4_CPU_Single\grf.v" into library work
Parsing module <grf>.
Analyzing Verilog file "F:\verilog\P4_CPU_Single\DM.v" into library work
Parsing module <DM>.
Analyzing Verilog file "F:\verilog\P4_CPU_Single\Controller.v" into library work
Parsing module <Controller>.
Analyzing Verilog file "F:\verilog\P4_CPU_Single\ALU.v" into library work
Parsing module <ALU>.
Analyzing Verilog file "F:\verilog\P4_CPU_Single\mips.v" into library work
Parsing module <mips>.

=========================================================================
*                            HDL Elaboration                            *
=========================================================================

Elaborating module <mips>.
WARNING:HDLCompiler:413 - "F:\verilog\P4_CPU_Single\mips.v" Line 37: Result of 32-bit expression is truncated to fit in 5-bit target.
WARNING:HDLCompiler:413 - "F:\verilog\P4_CPU_Single\mips.v" Line 43: Result of 30-bit expression is truncated to fit in 10-bit target.

Elaborating module <PC_change>.

Elaborating module <IM>.
ERROR:HDLCompiler:990 - "F:\verilog\P4_CPU_Single\IM.v" Line 32: Cannot open file code.txt
Module IM remains a blackbox, due to errors in its contents
WARNING:HDLCompiler:1499 - "F:\verilog\P4_CPU_Single\IM.v" Line 21: Empty module <IM> remains a black box.

Elaborating module <Controller>.

Elaborating module <grf>.
"F:\verilog\P4_CPU_Single\grf.v" Line 54. $display @3000: $0 <= 0

Elaborating module <ALU>.

Elaborating module <DM>.
"F:\verilog\P4_CPU_Single\DM.v" Line 52. $display @3000: *0 <= 0
WARNING:HDLCompiler:189 - "F:\verilog\P4_CPU_Single\mips.v" Line 53: Size mismatch in connection of port <address>. Formal port size is 32-bit while actual signal size is 10-bit.
--> 

Total memory usage is 433412 kilobytes

Number of errors   :    1 (   0 filtered)
Number of warnings :    4 (   0 filtered)
Number of infos    :    0 (   0 filtered)

