Release 14.7 - xst P.20131013 (nt)
Copyright (c) 1995-2013 Xilinx, Inc.  All rights reserved.
--> Parameter TMPDIR set to xst/projnav.tmp


Total REAL time to Xst completion: 1.00 secs
Total CPU time to Xst completion: 0.18 secs
 
--> Parameter xsthdpdir set to xst


Total REAL time to Xst completion: 1.00 secs
Total CPU time to Xst completion: 0.18 secs
 
--> Reading design: mips.prj

TABLE OF CONTENTS
  1) Synthesis Options Summary
  2) HDL Parsing
  3) HDL Elaboration
  4) HDL Synthesis
       4.1) HDL Synthesis Report
  5) Advanced HDL Synthesis
       5.1) Advanced HDL Synthesis Report
  6) Low Level Synthesis
  7) Partition Report
  8) Design Summary
       8.1) Primitive and Black Box Usage
       8.2) Device utilization summary
       8.3) Partition Resource Summary
       8.4) Timing Report
            8.4.1) Clock Information
            8.4.2) Asynchronous Control Signals Information
            8.4.3) Timing Summary
            8.4.4) Timing Details
            8.4.5) Cross Clock Domains Report


=========================================================================
*                      Synthesis Options Summary                        *
=========================================================================
---- Source Parameters
Input File Name                    : "mips.prj"
Ignore Synthesis Constraint File   : NO

---- Target Parameters
Output File Name                   : "mips"
Output Format                      : NGC
Target Device                      : xc6slx150-2-fgg676

---- Source Options
Top Module Name                    : mips
Automatic FSM Extraction           : YES
FSM Encoding Algorithm             : Auto
Safe Implementation                : No
FSM Style                          : LUT
RAM Extraction                     : Yes
RAM Style                          : Auto
ROM Extraction                     : Yes
Shift Register Extraction          : YES
ROM Style                          : Auto
Resource Sharing                   : YES
Asynchronous To Synchronous        : NO
Shift Register Minimum Size        : 2
Use DSP Block                      : Auto
Automatic Register Balancing       : No

---- Target Options
LUT Combining                      : Auto
Reduce Control Sets                : Auto
Add IO Buffers                     : YES
Global Maximum Fanout              : 100000
Add Generic Clock Buffer(BUFG)     : 16
Register Duplication               : YES
Optimize Instantiated Primitives   : NO
Use Clock Enable                   : Auto
Use Synchronous Set                : Auto
Use Synchronous Reset              : Auto
Pack IO Registers into IOBs        : Auto
Equivalent register Removal        : YES

---- General Options
Optimization Goal                  : Speed
Optimization Effort                : 1
Power Reduction                    : NO
Keep Hierarchy                     : No
Netlist Hierarchy                  : As_Optimized
RTL Output                         : Yes
Global Optimization                : AllClockNets
Read Cores                         : YES
Write Timing Constraints           : NO
Cross Clock Analysis               : NO
Hierarchy Separator                : /
Bus Delimiter                      : <>
Case Specifier                     : Maintain
Slice Utilization Ratio            : 100
BRAM Utilization Ratio             : 100
DSP48 Utilization Ratio            : 100
Auto BRAM Packing                  : NO
Slice Utilization Ratio Delta      : 5

=========================================================================


=========================================================================
*                          HDL Parsing                                  *
=========================================================================
Analyzing Verilog file "F:\verilog\P5_assembly_line\stall.v" into library work
Parsing module <stall>.
Analyzing Verilog file "F:\verilog\P5_assembly_line\reg_MEM_WB.v" into library work
Parsing module <reg_MEM_WB>.
Analyzing Verilog file "F:\verilog\P5_assembly_line\reg_IF_ID.v" into library work
Parsing module <reg_IF_ID>.
Analyzing Verilog file "F:\verilog\P5_assembly_line\reg_ID_EX.v" into library work
Parsing module <reg_ID_EX>.
Analyzing Verilog file "F:\verilog\P5_assembly_line\reg_EX_MEM.v" into library work
Parsing module <reg_EX_MEM>.
Analyzing Verilog file "F:\verilog\P5_assembly_line\recode_WB.v" into library work
Parsing module <recode_WB>.
Analyzing Verilog file "F:\verilog\P5_assembly_line\recode_MEM.v" into library work
Parsing module <recode_MEM>.
Analyzing Verilog file "F:\verilog\P5_assembly_line\recode_ID.v" into library work
Parsing module <recode_ID>.
Analyzing Verilog file "F:\verilog\P5_assembly_line\recode_EX.v" into library work
Parsing module <recode_EX>.
Analyzing Verilog file "F:\verilog\P5_assembly_line\PC.v" into library work
Parsing module <PC>.
Analyzing Verilog file "F:\verilog\P5_assembly_line\NPC.v" into library work
Parsing module <NPC>.
Analyzing Verilog file "F:\verilog\P5_assembly_line\IM.v" into library work
Parsing module <IM>.
Analyzing Verilog file "F:\verilog\P5_assembly_line\GRF.v" into library work
Parsing module <GRF>.
Analyzing Verilog file "F:\verilog\P5_assembly_line\forward.v" into library work
Parsing module <forward>.
Analyzing Verilog file "F:\verilog\P5_assembly_line\EXT.v" into library work
Parsing module <EXT>.
Analyzing Verilog file "F:\verilog\P5_assembly_line\DM.v" into library work
Parsing module <DM>.
Analyzing Verilog file "F:\verilog\P5_assembly_line\CMP.v" into library work
Parsing module <CMP>.
Analyzing Verilog file "F:\verilog\P5_assembly_line\ALU.v" into library work
Parsing module <ALU>.
Analyzing Verilog file "F:\verilog\P5_assembly_line\ADD4.v" into library work
Parsing module <ADD4>.
Analyzing Verilog file "F:\verilog\P5_assembly_line\mips.v" into library work
Parsing module <mips>.
WARNING:HDLCompiler:31 - "F:\verilog\P5_assembly_line\mips.v" Line 30: <PC4_W> is already declared.
WARNING:HDLCompiler:770 - "F:\verilog\P5_assembly_line\mips.v" Line 30: Second declaration of PC4_W ignored
INFO:HDLCompiler:1408 - "F:\verilog\P5_assembly_line\mips.v" Line 30. PC4_W is declared here

=========================================================================
*                            HDL Elaboration                            *
=========================================================================

Elaborating module <mips>.

Elaborating module <PC>.
ERROR:HDLCompiler:1511 - "F:\verilog\P5_assembly_line\PC.v" Line 28: Mix of blocking and non-blocking assignments to variable <pc> is not a recommended coding practice.
INFO - You can change the severity of this error message to warning using switch -change_error_to_warning "HDLCompiler:1511"
Module PC remains a blackbox, due to errors in its contents
WARNING:HDLCompiler:1499 - "F:\verilog\P5_assembly_line\PC.v" Line 21: Empty module <PC> remains a black box.

Elaborating module <ADD4>.

Elaborating module <IM>.
Reading initialization file \"code.txt\".
WARNING:HDLCompiler:1670 - "F:\verilog\P5_assembly_line\IM.v" Line 32: Signal <a> in initial block is partially initialized.

Elaborating module <reg_IF_ID>.
ERROR:HDLCompiler:1511 - "F:\verilog\P5_assembly_line\reg_IF_ID.v" Line 29: Mix of blocking and non-blocking assignments to variable <pc> is not a recommended coding practice.
INFO - You can change the severity of this error message to warning using switch -change_error_to_warning "HDLCompiler:1511"
Module reg_IF_ID remains a blackbox, due to errors in its contents
WARNING:HDLCompiler:1499 - "F:\verilog\P5_assembly_line\reg_IF_ID.v" Line 21: Empty module <reg_IF_ID> remains a black box.

Elaborating module <recode_ID>.
WARNING:HDLCompiler:413 - "F:\verilog\P5_assembly_line\recode_ID.v" Line 157: Result of 5-bit expression is truncated to fit in 1-bit target.
WARNING:HDLCompiler:413 - "F:\verilog\P5_assembly_line\recode_ID.v" Line 169: Result of 5-bit expression is truncated to fit in 1-bit target.

Elaborating module <GRF>.
"F:\verilog\P5_assembly_line\GRF.v" Line 61. $display 0@0: $0 <= 0

Elaborating module <EXT>.

Elaborating module <CMP>.

Elaborating module <NPC>.

Elaborating module <reg_ID_EX>.

Elaborating module <recode_EX>.
WARNING:HDLCompiler:1127 - "F:\verilog\P5_assembly_line\mips.v" Line 57: Assignment to alu_in2_chose ignored, since the identifier is never used

Elaborating module <ALU>.

Elaborating module <reg_EX_MEM>.
ERROR:HDLCompiler:1511 - "F:\verilog\P5_assembly_line\reg_EX_MEM.v" Line 47: Mix of blocking and non-blocking assignments to variable <l> is not a recommended coding practice.
INFO - You can change the severity of this error message to warning using switch -change_error_to_warning "HDLCompiler:1511"
Module reg_EX_MEM remains a blackbox, due to errors in its contents
WARNING:HDLCompiler:1499 - "F:\verilog\P5_assembly_line\reg_EX_MEM.v" Line 21: Empty module <reg_EX_MEM> remains a black box.

Elaborating module <recode_MEM>.

Elaborating module <DM>.
"F:\verilog\P5_assembly_line\DM.v" Line 52. $display 0@0: *0 <= 0
ERROR:HDLCompiler:1511 - "F:\verilog\P5_assembly_line\DM.v" Line 32: Mix of blocking and non-blocking assignments to variable <count> is not a recommended coding practice.
INFO - You can change the severity of this error message to warning using switch -change_error_to_warning "HDLCompiler:1511"
Module DM remains a blackbox, due to errors in its contents
WARNING:HDLCompiler:1499 - "F:\verilog\P5_assembly_line\DM.v" Line 21: Empty module <DM> remains a black box.
WARNING:HDLCompiler:189 - "F:\verilog\P5_assembly_line\mips.v" Line 65: Size mismatch in connection of port <out>. Formal port size is 32-bit while actual signal size is 1-bit.

Elaborating module <reg_MEM_WB>.
ERROR:HDLCompiler:1511 - "F:\verilog\P5_assembly_line\reg_MEM_WB.v" Line 50: Mix of blocking and non-blocking assignments to variable <l> is not a recommended coding practice.
INFO - You can change the severity of this error message to warning using switch -change_error_to_warning "HDLCompiler:1511"
Module reg_MEM_WB remains a blackbox, due to errors in its contents
WARNING:HDLCompiler:1499 - "F:\verilog\P5_assembly_line\reg_MEM_WB.v" Line 21: Empty module <reg_MEM_WB> remains a black box.
WARNING:HDLCompiler:1127 - "F:\verilog\P5_assembly_line\mips.v" Line 67: Assignment to AO_W ignored, since the identifier is never used
WARNING:HDLCompiler:189 - "F:\verilog\P5_assembly_line\mips.v" Line 67: Size mismatch in connection of port <DM_M>. Formal port size is 32-bit while actual signal size is 1-bit.

Elaborating module <recode_WB>.

Elaborating module <stall>.

Elaborating module <forward>.
WARNING:HDLCompiler:189 - "F:\verilog\P5_assembly_line\mips.v" Line 70: Size mismatch in connection of port <rd_MEM_WB>. Formal port size is 6-bit while actual signal size is 5-bit.
WARNING:HDLCompiler:1127 - "F:\verilog\P5_assembly_line\mips.v" Line 70: Assignment to forwarda ignored, since the identifier is never used
WARNING:HDLCompiler:413 - "F:\verilog\P5_assembly_line\mips.v" Line 72: Result of 32-bit expression is truncated to fit in 5-bit target.
WARNING:HDLCompiler:634 - "F:\verilog\P5_assembly_line\mips.v" Line 29: Net <cmp_i1[31]> does not have a driver.
--> 

Total memory usage is 352708 kilobytes

Number of errors   :    5 (   0 filtered)
Number of warnings :   18 (   0 filtered)
Number of infos    :    0 (   0 filtered)

